C:\Users\Acer\OneDrive\Documents\JWD69\JWD-final project\Cafe-Project\Cafe-Project\src\main\java\cafe\project\Application.java
C:\Users\Acer\OneDrive\Documents\JWD69\JWD-final project\Cafe-Project\Cafe-Project\src\main\java\cafe\project\controllers\BranchController.java
C:\Users\Acer\OneDrive\Documents\JWD69\JWD-final project\Cafe-Project\Cafe-Project\src\main\java\cafe\project\controllers\SizeController.java
C:\Users\Acer\OneDrive\Documents\JWD69\JWD-final project\Cafe-Project\Cafe-Project\src\main\java\cafe\project\controllers\StarterController.java
C:\Users\Acer\OneDrive\Documents\JWD69\JWD-final project\Cafe-Project\Cafe-Project\src\main\java\cafe\project\model\BranchEntryDto.java
C:\Users\Acer\OneDrive\Documents\JWD69\JWD-final project\Cafe-Project\Cafe-Project\src\main\java\cafe\project\model\BranchListDto.java
C:\Users\Acer\OneDrive\Documents\JWD69\JWD-final project\Cafe-Project\Cafe-Project\src\main\java\cafe\project\model\BranchStatusListDto.java
C:\Users\Acer\OneDrive\Documents\JWD69\JWD-final project\Cafe-Project\Cafe-Project\src\main\java\cafe\project\model\SizeEntryDto.java
C:\Users\Acer\OneDrive\Documents\JWD69\JWD-final project\Cafe-Project\Cafe-Project\src\main\java\cafe\project\model\SizeListDto.java
C:\Users\Acer\OneDrive\Documents\JWD69\JWD-final project\Cafe-Project\Cafe-Project\src\main\java\cafe\project\repository\BranchRepository.java
C:\Users\Acer\OneDrive\Documents\JWD69\JWD-final project\Cafe-Project\Cafe-Project\src\main\java\cafe\project\repository\BranchStatusRepository.java
C:\Users\Acer\OneDrive\Documents\JWD69\JWD-final project\Cafe-Project\Cafe-Project\src\main\java\cafe\project\repository\entity\Branch.java
C:\Users\Acer\OneDrive\Documents\JWD69\JWD-final project\Cafe-Project\Cafe-Project\src\main\java\cafe\project\repository\entity\BranchStatus.java
C:\Users\Acer\OneDrive\Documents\JWD69\JWD-final project\Cafe-Project\Cafe-Project\src\main\java\cafe\project\repository\entity\Size.java
C:\Users\Acer\OneDrive\Documents\JWD69\JWD-final project\Cafe-Project\Cafe-Project\src\main\java\cafe\project\repository\mapper\BranchMapper.java
C:\Users\Acer\OneDrive\Documents\JWD69\JWD-final project\Cafe-Project\Cafe-Project\src\main\java\cafe\project\repository\mapper\BranchMapper2.java
C:\Users\Acer\OneDrive\Documents\JWD69\JWD-final project\Cafe-Project\Cafe-Project\src\main\java\cafe\project\repository\mapper\BranchStatusMapper.java
C:\Users\Acer\OneDrive\Documents\JWD69\JWD-final project\Cafe-Project\Cafe-Project\src\main\java\cafe\project\repository\mapper\SizeMapper.java
C:\Users\Acer\OneDrive\Documents\JWD69\JWD-final project\Cafe-Project\Cafe-Project\src\main\java\cafe\project\repository\SizeRepository.java
C:\Users\Acer\OneDrive\Documents\JWD69\JWD-final project\Cafe-Project\Cafe-Project\src\main\java\cafe\project\service\BranchService.java
C:\Users\Acer\OneDrive\Documents\JWD69\JWD-final project\Cafe-Project\Cafe-Project\src\main\java\cafe\project\service\SizeService.java
